// Jest Snapshot v1, https://goo.gl/fbAQLP

exports[`CandidateDetailsCard should render correctly with no props 1`] = `
<CandidateDetailsCard
  classes={
    Object {
      "RoomIcon": "CandidateDetailsCard-RoomIcon-10",
      "availability": "CandidateDetailsCard-availability-9",
      "avatar": "CandidateDetailsCard-avatar-7",
      "candidateAbout": "CandidateDetailsCard-candidateAbout-3",
      "card": "CandidateDetailsCard-card-6",
      "companyName": "CandidateDetailsCard-companyName-4",
      "heading": "CandidateDetailsCard-heading-2",
      "lang": "CandidateDetailsCard-lang-8",
      "media": "CandidateDetailsCard-media-1",
      "responsibilities": "CandidateDetailsCard-responsibilities-5",
    }
  }
/>
`;
