// Jest Snapshot v1, https://goo.gl/fbAQLP

exports[`CandidateCard it renders the component correctly 1`] = `
<CandidateCard
  candidate={
    Array [
      Object {
        "avatar": "some-url-string",
        "category": "category",
        "first_name": "John",
        "job_seeker_about_me": "about me",
        "job_seeker_location": "Paris",
        "last_name": "Doe",
        "total_ex_years": 0,
        "userID": 1,
      },
    ]
  }
  classes={
    Object {
      "RoomIcon": "CandidateCard-RoomIcon-5 roomIcon",
      "aboutPage": "CandidateCard-aboutPage-4 aboutPage",
      "bigAvatar": "CandidateCard-bigAvatar-1 avatar",
      "breakWord": "CandidateCard-breakWord-3 word",
      "root": "CandidateCard-root-2 root",
    }
  }
/>
`;
